// Jest Snapshot v1, https://goo.gl/fbAQLP

exports[`CheckoutPage renders correctly 1`] = `
<div
  className="CheckoutPage"
>
  <h1
    className="sc-bdVaJa cYVtfM"
  >
    YOUR ORDER
  </h1>
  <table
    className="sc-bwzfXH AvVRo"
  >
    <thead>
      <tr>
        <th>
          Item
        </th>
        <th>
          Qty
        </th>
        <th>
          Price
        </th>
        <th>
          Total
        </th>
        <th />
      </tr>
    </thead>
    <tbody>
      <tr>
        <td>
          Enchilads(mild)
        </td>
        <td>
          <input
            min="1"
            name="quantity"
            type="number"
          />
        </td>
        <td>
          price
        </td>
        <td>
          15
        </td>
        <td>
          <button>
            Delete
          </button>
        </td>
      </tr>
      <tr>
        <td
          colSpan="3"
        >
          Order Total
        </td>
        <td>
          20.00
        </td>
      </tr>
    </tbody>
  </table>
</div>
`;
