// Jest Snapshot v1, https://goo.gl/fbAQLP

exports[`HomePage renders correctly 1`] = `
<div
  className="Homepage-background"
>
  <div
    className="Homepage"
  >
    <h1>
      Welcome to Guzman y Gomez Kawana Catering Page
    </h1>
    <br />
    <a
      className="MenuButton"
      href="/menu"
      onClick={[Function]}
    >
      Start your order
    </a>
  </div>
</div>
`;
